     1                                  section .text
     2                                  
     3                                  global my_print
     4                                  
     5                                  my_print:
     6 00000000 48892425[00000000]          mov [stack_address], rsp
     7 00000008 415F                        pop r15
     8                                  
     9 0000000A 4151                        push r9
    10 0000000C 4150                        push r8
    11 0000000E 51                          push rcx
    12 0000000F 52                          push rdx
    13 00000010 56                          push rsi                ;save arguments in stack
    14                                  
    15 00000011 4889FE                      mov rsi, rdi            ; original str address
    16 00000014 488D3C25[08000000]          lea rdi, str_copy       ; copy address
    17                                  
    18                                  copy_str:
    19 0000001C 30C0                        xor al, al
    20 0000001E 8A06                        mov al, [rsi]           ; symbol in al
    21                                  
    22 00000020 3C25                        cmp al, '%'
    23 00000022 750D                        jne common_symbol
    24 00000024 48FFC6                      inc rsi                 ;rsi++
    25                                  
    26 00000027 8A06                        mov al, [rsi]           ;specifier in al
    27 00000029 5A                          pop rdx                 ;number in rdx
    28 0000002A E83E000000                  call specifier_handler
    29 0000002F EB23                        jmp if_end
    30                                  
    31                                  common_symbol:
    32 00000031 8807                        mov [rdi], al           ; copy one symbol
    33 00000033 48FFC7                      inc rdi                 ; rdi++
    34                                  
    35 00000036 488D3C25[08000000]          lea rdi, str_copy
    36 0000003E 4881C7BE010000              add rdi, 512 - 66
    37 00000045 720D                        jb if_end
    38                                  
    39 00000047 E829010000                  call print_and_free_buffer
    40 0000004C 488D3C25[08000000]          lea rdi, str_copy
    41                                  
    42                                  if_end:
    43 00000054 84C0                        test al, al             ; if '\0'
    44 00000056 7405                        jz copy_done
    45                                  
    46 00000058 48FFC6                      inc rsi                 ; rsi++
    47 0000005B EBBF                        jmp copy_str
    48                                  
    49                                  copy_done:
    50 0000005D E813010000                  call print_and_free_buffer
    51                                  
    52 00000062 488B2425[00000000]          mov rsp, [stack_address]
    53 0000006A 4157                        push r15
    54 0000006C C3                          ret
    55                                  ;-------------------------------------------------
    56                                  ;Prints number as str in specifier type
    57                                  ;Entry: al = specifier symbol
    58                                  ;       rdi --> place to print
    59                                  ;       rdx = symbol to print
    60                                  ;Exit: number prited in str_copy
    61                                  ;-------------------------------------------------
    62                                  specifier_handler:
    63 0000006D 488D1C25[2C020000]          lea rbx, [jmp_table]
    64 00000075 480FB6C0                    movzx rax, al
    65 00000079 FF24C3                      jmp [rbx + rax * 8]
    66                                  
    67                                  char:
    68 0000007C 8817                        mov [rdi], dl
    69 0000007E 48FFC7                      inc rdi
    70 00000081 EB36                        jmp specifier_handler_end
    71                                  percent:
    72 00000083 415A                        pop r10
    73 00000085 52                          push rdx
    74 00000086 4152                        push r10
    75 00000088 C60725                      mov byte [rdi], '%'
    76 0000008B 48FFC7                      inc rdi
    77 0000008E EB29                        jmp specifier_handler_end
    78                                  hexadecimal:
    79 00000090 B104                        mov cl, 4
    80 00000092 E823000000                  call two_degs_to_str
    81 00000097 EB20                        jmp specifier_handler_end
    82                                  binar:
    83 00000099 B101                        mov cl, 1
    84 0000009B E81A000000                  call two_degs_to_str
    85 000000A0 EB17                        jmp specifier_handler_end
    86                                  octal:
    87 000000A2 B103                        mov cl, 3
    88 000000A4 E811000000                  call two_degs_to_str
    89 000000A9 EB0E                        jmp specifier_handler_end
    90                                  decimal:
    91 000000AB E871000000                  call dec_to_str
    92 000000B0 EB07                        jmp specifier_handler_end
    93                                  string:
    94 000000B2 E89F000000                  call str_to_str
    95 000000B7 EB00                        jmp specifier_handler_end
    96                                  
    97                                  specifier_handler_end:
    98 000000B9 C3                          ret
    99                                  ;-------------------------------------------------
   100                                  ;Tranform number to str
   101                                  ;Entry: rdx  = number
   102                                  ;       rdi --> place to write
   103                                  ;       cl   = two degree
   104                                  ;Exit: hex number printed in str copy
   105                                  ;Destr: rax, rcx
   106                                  ;-------------------------------------------------
   107                                  two_degs_to_str:
   108 000000BA 57                          push rdi
   109                                  
   110 000000BB C60730                      mov byte [rdi], '0'
   111 000000BE 48FFC7                      inc rdi
   112 000000C1 C60778                      mov byte [rdi], 'x'
   113 000000C4 48FFC7                      inc rdi                     ;0x at the begin
   114                                  
   115 000000C7 41B901000000                mov r9, 1
   116 000000CD 49D3E1                      shl r9, cl
   117 000000D0 49FFC9                      dec r9
   118                                  
   119 000000D3 4889D0                      mov rax, rdx                ;save number
   120 000000D6 4D31C0                      xor r8, r8                  ;r8 - counter
   121                                  
   122 000000D9 4885C0                      test rax, rax
   123 000000DC 7508                        jnz two_degs_count_digits   ; if not zero
   124 000000DE 41B801000000                mov r8, 1                   ; if zero need one number
   125 000000E4 EB0B                        jmp two_degs_print_prepare
   126                                  
   127                                  two_degs_count_digits:
   128 000000E6 49FFC0                      inc r8                      ; r8++
   129 000000E9 48D3E8                      shr rax, cl                 ; rax /= 2^cl
   130 000000EC 4885C0                      test rax, rax
   131 000000EF 75F5                        jnz two_degs_count_digits
   132                                  
   133                                  two_degs_print_prepare:
   134 000000F1 4C01C7                      add rdi, r8
   135 000000F4 48FFCF                      dec rdi                     ;end of number
   136 000000F7 4150                        push r8                     ;save r8 in stack
   137                                  
   138                                  print_two_degs:
   139 000000F9 4889D0                      mov rax, rdx
   140 000000FC 4C21C8                      and rax, r9                 ;last symbol
   141 000000FF 8A98[08020000]              mov bl, [numbers+rax]       ;symbol in bx
   142 00000105 881F                        mov [rdi], bl               ;symbol in str
   143 00000107 48FFCF                      dec rdi                     ;rdi--
   144 0000010A 48D3EA                      shr rdx, cl
   145 0000010D 49FFC8                      dec r8                      ;r8--
   146 00000110 4983F800                    cmp r8, 0
   147 00000114 77E3                        ja print_two_degs
   148                                  
   149 00000116 4158                        pop r8
   150 00000118 5F                          pop rdi
   151 00000119 4883C702                    add rdi, 2
   152 0000011D 4C01C7                      add rdi, r8                ;rdi to the correct place
   153                                  
   154 00000120 C3                          ret
   155                                  ;-------------------------------------------------
   156                                  ;Tranform number to dec str
   157                                  ;Entry: rdx  = number
   158                                  ;       rdi --> place to write
   159                                  ;Exit: dec number printed in str copy
   160                                  ;Destr: rax, rcx
   161                                  ;-------------------------------------------------
   162                                  dec_to_str:
   163 00000121 4889D0                      mov rax, rdx
   164 00000124 83F800                      cmp eax, 0
   165 00000127 7F0A                        jg pozitive
   166 00000129 F7D0                        not eax
   167 0000012B FFC0                        inc eax
   168 0000012D C6072D                      mov byte [rdi], '-'
   169 00000130 48FFC7                      inc rdi
   170                                  pozitive:
   171                                  
   172 00000133 4831C9                      xor rcx, rcx                ;rcx = 0
   173                                  
   174 00000136 B100                        mov cl, 0                   ;counter
   175                                  
   176                                  dec_count_digits:
   177 00000138 FEC1                        inc cl                      ; cl++
   178 0000013A 4831D2                      xor rdx, rdx
   179 0000013D BB0A000000                  mov rbx, 10
   180 00000142 48F7F3                      div rbx
   181 00000145 52                          push rdx
   182 00000146 4885C0                      test rax, rax
   183 00000149 75ED                        jnz dec_count_digits
   184                                  
   185                                  print_dec:
   186 0000014B 58                          pop rax
   187 0000014C 0430                        add al, '0'
   188 0000014E 8807                        mov[rdi], al
   189 00000150 48FFC7                      inc rdi                     ;rdi++
   190 00000153 E2F6                        loop print_dec
   191                                  
   192 00000155 C3                          ret
   193                                  ;-------------------------------------------------
   194                                  ;Copy string constant to str
   195                                  ;Entry: rdx  = str offset
   196                                  ;       rdi --> place to write
   197                                  ;Exit: hex number printed in str copy
   198                                  ;Destr: rcx
   199                                  ;-------------------------------------------------
   200                                  str_to_str:
   201                                  
   202 00000156 8A0A                        mov cl, [rdx]
   203 00000158 84C9                        test cl, cl                 ;if '\0' - finish
   204 0000015A 7418                        jz end_of_str
   205                                  
   206 0000015C 880F                        mov [rdi], cl               ;copy one symbol
   207 0000015E 48FFC7                      inc rdi
   208 00000161 48FFC2                      inc rdx                     ;new symbol
   209                                  
   210 00000164 4881FF[C6000000]            cmp rdi, (str_copy + 256 - 66)
   211 0000016B 72E9                        jb str_to_str
   212                                  
   213 0000016D E803000000                  call print_and_free_buffer
   214 00000172 EBE2                        jmp str_to_str
   215                                  end_of_str:
   216                                  
   217 00000174 C3                          ret
   218                                  ;-------------------------------------------------
   219                                  ;Prints and free buffer
   220                                  ;Entry: str_copy = buffer begin
   221                                  ;Exit: rdi = buffer begin
   222                                  ;Destr:
   223                                  ;-------------------------------------------------
   224                                  print_and_free_buffer:
   225 00000175 56                          push rsi
   226 00000176 48BE-                       mov rsi, str_copy       ; copy address
   226 00000178 [0800000000000000] 
   227 00000180 48BF-                       mov rdi, str_copy       ; copy begin(to cmp symbol abd '\0')
   227 00000182 [0800000000000000] 
   228 0000018A 4831C9                      xor rcx, rcx            ; len counter
   229                                  
   230                                  len_calculate:
   231 0000018D 803F00                      cmp byte [rdi], 0       ; if '\0'
   232 00000190 7408                        je print_str
   233 00000192 48FFC1                      inc rcx                 ; len counter++
   234 00000195 48FFC7                      inc rdi                 ; next symabol
   235 00000198 EBF3                        jmp len_calculate
   236                                  
   237                                  print_str:
   238 0000019A B801000000                  mov rax, 1              ; syscall number
   239 0000019F BF01000000                  mov rdi, 1              ; stdout
   240 000001A4 4889CA                      mov rdx, rcx            ; str len
   241 000001A7 0F05                        syscall                 ; print str
   242                                  
   243 000001A9 B900010000                  mov rcx, 256
   244 000001AE 48BF-                       mov rdi, str_copy
   244 000001B0 [0800000000000000] 
   245                                  
   246                                  free_buffer:
   247                                  
   248 000001B8 C60700                      mov byte [rdi], 0
   249 000001BB 48FFC7                      inc rdi
   250 000001BE E2F8                        loop free_buffer
   251                                  
   252 000001C0 48BF-                       mov rdi, str_copy
   252 000001C2 [0800000000000000] 
   253 000001CA 5E                          pop rsi
   254                                  
   255 000001CB C3                          ret
   256                                  ;-------------------------------------------------
   257                                  ;Error end of programm
   258                                  ;-------------------------------------------------
   259                                  error_end:
   260 000001CC B801000000                  mov rax, 1              ; syscall number
   261 000001D1 BF01000000                  mov rdi, 1              ; stdout
   262 000001D6 488B1425[B3060000]          mov rdx, [error_str_len]; str len
   263 000001DE 48BE-                       mov rsi, error_str       ; copy address
   263 000001E0 [3406000000000000] 
   264 000001E8 0F05                        syscall                 ; print str
   265                                  
   266 000001EA B83C000000                  mov rax, 60
   267 000001EF 4831FF                      xor rdi, rdi            ; return 0
   268 000001F2 0F05                        syscall                 ; end  of programm
   269                                  
   270 000001F4 C3                          ret
   271                                  ;-------------------------------------------------
   272                                  
   273                                  section .data
   274 00000000 0000000000000000            stack_address dq 0
   275 00000008 00<rep 200h>                str_copy     times 512 db 0                ; буфер для копии строки (64 байта)
   276 00000208 303132333435363738-         numbers      db '0123456789abcdef'
   276 00000211 39616263646566     
   277 00000218 464F52205448452045-         str_const    db 'FOR THE EMPEROR!!!', 0, 0xa
   277 00000221 4D5045524F52212121-
   277 0000022A 000A               
   278 0000022C [CC01000000000000]-         jmp_table   times '%' dq error_end
   278 0000022C <rep 25h>          
   279 00000354 [8300000000000000]                      dq percent
   280 0000035C [CC01000000000000]-                     times ('b'-'%'-1) dq error_end
   280 0000035C <rep 3Ch>          
   281 0000053C [9900000000000000]                      dq binar
   282 00000544 [7C00000000000000]                      dq char
   283 0000054C [AB00000000000000]                      dq decimal
   284 00000554 [CC01000000000000]-                     times ('o' - 'd' - 1) dq error_end
   284 00000554 <rep Ah>           
   285 000005A4 [A200000000000000]                      dq octal
   286 000005AC [CC01000000000000]-                     times ('s' - 'o' - 1) dq error_end
   286 000005AC <rep 3h>           
   287 000005C4 [B200000000000000]                      dq string
   288 000005CC [CC01000000000000]-                     times ('x' - 's' - 1) dq error_end
   288 000005CC <rep 4h>           
   289 000005EC [9000000000000000]                      dq hexadecimal
   290 000005F4 [CC01000000000000]-                     times (128 - 'x') dq error_end
   290 000005F4 <rep 8h>           
   291 00000634 202020202023232320-         error_str    db '     ###     ', 0xa,
   291 0000063D 202020200A         
   292 00000642 202020202323232323-                      db '    #####    ', 0xa,
   292 0000064B 202020200A         
   293 00000650 202020202323232323-                      db '    #####    ', 0xa,
   293 00000659 202020200A         
   294 0000065E 202020202323232323-                      db '    #####    ', 0xa,
   294 00000667 202020200A         
   295 0000066C 202020202323232323-                      db '    #####    ', 0xa,
   295 00000675 202020200A         
   296 0000067A 202020202323232323-                      db '    #####    ', 0xa,
   296 00000683 202020200A         
   297 00000688 202323202323232323-                      db ' ## ##### ## ', 0xa,
   297 00000691 202323200A         
   298 00000696 232323232323232323-                      db '#############', 0xa,
   298 0000069F 232323230A         
   299 000006A4 202323232020202020-                      db ' ###     ### ', 0xa, 0
   299 000006AD 232323200A00       
   300 000006B3 7F                          error_str_len db $ - error_str
   301                                  
   302                                  section .note.GNU-stack noalloc noexec nowrite progbits
