     1                                  section .text
     2                                  
     3                                  global my_print
     4                                  
     5                                  my_print:
     6 00000000 48892425[00000000]          mov [stack_address], rsp
     7 00000008 415F                        pop r15
     8 0000000A 4151                        push r9
     9 0000000C 4150                        push r8
    10 0000000E 51                          push rcx
    11 0000000F 52                          push rdx
    12 00000010 56                          push rsi
    13                                  
    14                                  
    15 00000011 4889FE                      mov rsi, rdi            ; original str address
    16 00000014 48BF-                       mov rdi, str_copy       ; copy address
    16 00000016 [0800000000000000] 
    17                                  
    18                                  copy_str:
    19 0000001E 30C0                        xor al, al
    20 00000020 8A06                        mov al, [rsi]           ; symbol in al
    21                                  
    22 00000022 3C25                        cmp al, '%'
    23 00000024 750D                        jne common_symbol
    24 00000026 48FFC6                      inc rsi                 ;rsi++
    25                                  
    26 00000029 8A06                        mov al, [rsi]           ;specifier in al
    27 0000002B 5A                          pop rdx                 ;number in rdx
    28 0000002C E838000000                  call specifier_handler
    29 00000031 EB1D                        jmp if_end
    30                                  
    31                                  common_symbol:
    32 00000033 8807                        mov [rdi], al           ; copy one symbol
    33 00000035 48FFC7                      inc rdi                 ; rdi++
    34                                  
    35 00000038 4881FF[C6000000]            cmp rdi, (str_copy + 256 - 66)
    36 0000003F 720F                        jb if_end
    37                                  
    38 00000041 E80B010000                  call print_and_free_buffer
    39 00000046 48BF-                       mov rdi, str_copy
    39 00000048 [0800000000000000] 
    40                                  
    41                                  if_end:
    42 00000050 84C0                        test al, al             ; if '\0'
    43 00000052 7405                        jz copy_done
    44                                  
    45 00000054 48FFC6                      inc rsi                 ; rsi++
    46 00000057 EBC5                        jmp copy_str
    47                                  
    48                                  copy_done:
    49 00000059 E8F3000000                  call print_and_free_buffer
    50                                  
    51 0000005E 488B2425[00000000]          mov rsp, [stack_address]
    52 00000066 4157                        push r15
    53 00000068 C3                          ret
    54                                  ;-------------------------------------------------
    55                                  ;Prints number as str in specifier type
    56                                  ;Entry: al = specifier symbol
    57                                  ;       rdi --> place to print
    58                                  ;       rdx = symbol to print
    59                                  ;Exit: number prited in str_copy
    60                                  ;-------------------------------------------------
    61                                  specifier_handler:
    62 00000069 488D1C25[2C010000]          lea rbx, [jmp_table]
    63 00000071 FF24C3                      jmp [rbx + rax * 8]
    64                                  
    65                                  char:
    66 00000074 8817                        mov [rdi], dl
    67 00000076 48FFC7                      inc rdi
    68 00000079 EB29                        jmp specifier_handler_end
    69                                  hexadecimal:
    70 0000007B B104                        mov cl, 4
    71 0000007D E823000000                  call two_degs_to_str
    72 00000082 EB20                        jmp specifier_handler_end
    73                                  binar:
    74 00000084 B101                        mov cl, 1
    75 00000086 E81A000000                  call two_degs_to_str
    76 0000008B EB17                        jmp specifier_handler_end
    77                                  octal:
    78 0000008D B103                        mov cl, 3
    79 0000008F E811000000                  call two_degs_to_str
    80 00000094 EB0E                        jmp specifier_handler_end
    81                                  decimal:
    82 00000096 E871000000                  call dec_to_str
    83 0000009B EB07                        jmp specifier_handler_end
    84                                  string:
    85 0000009D E890000000                  call str_to_str
    86 000000A2 EB00                        jmp specifier_handler_end
    87                                  
    88                                  specifier_handler_end:
    89 000000A4 C3                          ret
    90                                  ;-------------------------------------------------
    91                                  ;Tranform number to str
    92                                  ;Entry: rdx  = number
    93                                  ;       rdi --> place to write
    94                                  ;       cl   = two degree
    95                                  ;Exit: hex number printed in str copy
    96                                  ;Destr: rax, rcx
    97                                  ;-------------------------------------------------
    98                                  two_degs_to_str:
    99 000000A5 57                          push rdi
   100                                  
   101 000000A6 C60730                      mov byte [rdi], '0'
   102 000000A9 48FFC7                      inc rdi
   103 000000AC C60778                      mov byte [rdi], 'x'
   104 000000AF 48FFC7                      inc rdi                     ;0x at the begin
   105                                  
   106 000000B2 41B901000000                mov r9, 1
   107 000000B8 49D3E1                      shl r9, cl
   108 000000BB 49FFC9                      dec r9
   109                                  
   110 000000BE 4889D0                      mov rax, rdx                ;save number
   111 000000C1 4D31C0                      xor r8, r8                  ;r8 - counter
   112                                  
   113 000000C4 4885C0                      test rax, rax
   114 000000C7 7508                        jnz two_degs_count_digits        ; if not zero
   115 000000C9 41B801000000                mov r8, 1                   ; if zero need one number
   116 000000CF EB0B                        jmp two_degs_print_prepare
   117                                  
   118                                  two_degs_count_digits:
   119 000000D1 49FFC0                      inc r8                      ; r8++
   120 000000D4 48D3E8                      shr rax, cl                 ; rax /= 2^cl
   121 000000D7 4885C0                      test rax, rax
   122 000000DA 75F5                        jnz two_degs_count_digits
   123                                  
   124                                  two_degs_print_prepare:
   125 000000DC 4C01C7                      add rdi, r8
   126 000000DF 48FFCF                      dec rdi                     ;end of number
   127 000000E2 4150                        push r8                     ;save r8 in stack
   128                                  
   129                                  print_two_degs:
   130 000000E4 4889D0                      mov rax, rdx
   131 000000E7 4C21C8                      and rax, r9                 ;last symbol
   132 000000EA 8A98[08010000]              mov bl, [numbers+rax]       ;symbol in bx
   133 000000F0 881F                        mov [rdi], bl               ;symbol in str
   134 000000F2 48FFCF                      dec rdi                     ;rdi--
   135 000000F5 48D3EA                      shr rdx, cl
   136 000000F8 49FFC8                      dec r8                      ;r8--
   137 000000FB 4983F800                    cmp r8, 0
   138 000000FF 77E3                        ja print_two_degs
   139                                  
   140 00000101 4158                        pop r8
   141 00000103 5F                          pop rdi
   142 00000104 4883C702                    add rdi, 2
   143 00000108 4C01C7                      add rdi, r8                ;rdi to the correct place
   144                                  
   145 0000010B C3                          ret
   146                                  ;-------------------------------------------------
   147                                  ;Tranform number to dec str
   148                                  ;Entry: rdx  = number
   149                                  ;       rdi --> place to write
   150                                  ;Exit: dec number printed in str copy
   151                                  ;Destr: rax, rcx
   152                                  ;-------------------------------------------------
   153                                  dec_to_str:
   154 0000010C 4889D0                      mov rax, rdx
   155 0000010F 4831C9                      xor rcx, rcx                ;rcx = 0
   156                                  
   157 00000112 B100                        mov cl, 0                   ;counter
   158                                  
   159                                  dec_count_digits:
   160 00000114 FEC1                        inc cl                      ; cl++
   161 00000116 4831D2                      xor rdx, rdx
   162 00000119 BB0A000000                  mov rbx, 10
   163 0000011E 48F7F3                      div rbx
   164 00000121 52                          push rdx
   165 00000122 4885C0                      test rax, rax
   166 00000125 75ED                        jnz dec_count_digits
   167                                  
   168                                  
   169                                  print_dec:
   170 00000127 58                          pop rax
   171 00000128 0430                        add al, '0'
   172 0000012A 8807                        mov[rdi], al
   173 0000012C 48FFC7                      inc rdi                     ;rdi++
   174 0000012F E2F6                        loop print_dec
   175                                  
   176 00000131 C3                          ret
   177                                  ;-------------------------------------------------
   178                                  ;Copy string constant to str
   179                                  ;Entry: rdx  = str offset
   180                                  ;       rdi --> place to write
   181                                  ;Exit: hex number printed in str copy
   182                                  ;Destr: rcx
   183                                  ;-------------------------------------------------
   184                                  str_to_str:
   185                                  
   186 00000132 8A0A                        mov cl, [rdx]
   187 00000134 84C9                        test cl, cl                 ;if '\0' - finish
   188 00000136 7418                        jz end_of_str
   189                                  
   190 00000138 880F                        mov [rdi], cl               ;copy one symbol
   191 0000013A 48FFC7                      inc rdi
   192 0000013D 48FFC2                      inc rdx                     ;new symbol
   193                                  
   194 00000140 4881FF[C6000000]            cmp rdi, (str_copy + 256 - 66)
   195 00000147 72E9                        jb str_to_str
   196                                  
   197 00000149 E803000000                  call print_and_free_buffer
   198 0000014E EBE2                        jmp str_to_str
   199                                  end_of_str:
   200                                  
   201 00000150 C3                          ret
   202                                  ;-------------------------------------------------
   203                                  ;Prints and free buffer
   204                                  ;Entry: str_copy = buffer begin
   205                                  ;Exit: rdi = buffer begin
   206                                  ;Destr:
   207                                  ;-------------------------------------------------
   208                                  print_and_free_buffer:
   209 00000151 56                          push rsi
   210 00000152 48BE-                       mov rsi, str_copy       ; copy address
   210 00000154 [0800000000000000] 
   211 0000015C 48BF-                       mov rdi, str_copy       ; copy begin(to cmp symbol abd '\0')
   211 0000015E [0800000000000000] 
   212 00000166 4831C9                      xor rcx, rcx            ; len counter
   213                                  
   214                                  len_calculate:
   215 00000169 803F00                      cmp byte [rdi], 0       ; if '\0'
   216 0000016C 7408                        je print_str
   217 0000016E 48FFC1                      inc rcx                 ; len counter++
   218 00000171 48FFC7                      inc rdi                 ; next symabol
   219 00000174 EBF3                        jmp len_calculate
   220                                  
   221                                  print_str:
   222 00000176 B801000000                  mov rax, 1              ; syscall number
   223 0000017B BF01000000                  mov rdi, 1              ; stdout
   224 00000180 4889CA                      mov rdx, rcx            ; str len
   225 00000183 0F05                        syscall                 ; print str
   226                                  
   227 00000185 B900010000                  mov rcx, 256
   228 0000018A 48BF-                       mov rdi, str_copy
   228 0000018C [0800000000000000] 
   229                                  
   230                                  free_buffer:
   231                                  
   232 00000194 C60700                      mov byte [rdi], 0
   233 00000197 48FFC7                      inc rdi
   234 0000019A E2F8                        loop free_buffer
   235                                  
   236 0000019C 48BF-                       mov rdi, str_copy
   236 0000019E [0800000000000000] 
   237 000001A6 5E                          pop rsi
   238                                  
   239 000001A7 C3                          ret
   240                                  ;-------------------------------------------------
   241                                  ;Error end of programm
   242                                  ;-------------------------------------------------
   243                                  error_end:
   244 000001A8 B801000000                  mov rax, 1              ; syscall number
   245 000001AD BF01000000                  mov rdi, 1              ; stdout
   246 000001B2 488B1425[B3050000]          mov rdx, [error_str_len]; str len
   247 000001BA 48BE-                       mov rsi, error_str       ; copy address
   247 000001BC [3405000000000000] 
   248 000001C4 0F05                        syscall                 ; print str
   249                                  
   250 000001C6 B83C000000                  mov rax, 60
   251 000001CB 4831FF                      xor rdi, rdi            ; return 0
   252 000001CE 0F05                        syscall                 ; end  of programm
   253                                  
   254 000001D0 C3                          ret
   255                                  ;-------------------------------------------------
   256                                  
   257                                  section .data
   258 00000000 0000000000000000            stack_address dq 0
   259 00000008 00<rep 100h>                str_copy     times 256 db 0                ; буфер для копии строки (64 байта)
   260 00000108 303132333435363738-         numbers      db '0123456789abcdef'
   260 00000111 39616263646566     
   261 00000118 464F52205448452045-         str_const    db 'FOR THE EMPEROR!!!', 0, 0xa
   261 00000121 4D5045524F52212121-
   261 0000012A 000A               
   262 0000012C [A801000000000000]-         jmp_table   times 'b' dq error_end
   262 0000012C <rep 62h>          
   263 0000043C [8400000000000000]                      dq binar
   264 00000444 [7400000000000000]                      dq char
   265 0000044C [9600000000000000]                      dq decimal
   266 00000454 [A801000000000000]-                     times ('o' - 'd' - 1) dq error_end
   266 00000454 <rep Ah>           
   267 000004A4 [8D00000000000000]                      dq octal
   268 000004AC [A801000000000000]-                     times ('s' - 'o' - 1) dq error_end
   268 000004AC <rep 3h>           
   269 000004C4 [9D00000000000000]                      dq string
   270 000004CC [A801000000000000]-                     times ('x' - 's' - 1) dq error_end
   270 000004CC <rep 4h>           
   271 000004EC [7B00000000000000]                      dq hexadecimal
   272 000004F4 [A801000000000000]-                     times (128 - 'x') dq error_end
   272 000004F4 <rep 8h>           
   273 00000534 202020202023232320-         error_str    db '     ###     ', 0xa,
   273 0000053D 202020200A         
   274 00000542 202020202323232323-                      db '    #####    ', 0xa,
   274 0000054B 202020200A         
   275 00000550 202020202323232323-                      db '    #####    ', 0xa,
   275 00000559 202020200A         
   276 0000055E 202020202323232323-                      db '    #####    ', 0xa,
   276 00000567 202020200A         
   277 0000056C 202020202323232323-                      db '    #####    ', 0xa,
   277 00000575 202020200A         
   278 0000057A 202020202323232323-                      db '    #####    ', 0xa,
   278 00000583 202020200A         
   279 00000588 202323202323232323-                      db ' ## ##### ## ', 0xa,
   279 00000591 202323200A         
   280 00000596 232323232323232323-                      db '#############', 0xa,
   280 0000059F 232323230A         
   281 000005A4 202323232020202020-                      db ' ###     ### ', 0xa, 0
   281 000005AD 232323200A00       
   282 000005B3 7F                          error_str_len db $ - error_str
   283                                  
   284                                  section .note.GNU-stack noalloc noexec nowrite progbits
